// Vitest Snapshot v1, https://vitest.dev/guide/snapshot.html

exports[`FormCheckbox > renders component 1`] = `
<div>
  <div
    class="flex items-center gap-2"
  >
    <input
      class="checkbox checkbox-ghost"
      name="checkbox"
      type="checkbox"
      value="false"
    />
    <div
      class="flex flex-col"
    />
  </div>
</div>
`;
